[cuwannstore.com/index.html]
[backblue.gif]
[fade.gif]
[index.html]
[cuwannstore.com/assets/img/settings/1666954485Logo wanstore5e1f.png]
[cuwannstore.com/assets/scss/app.css]
[cuwannstore.com/assets/css/app.css]
[cuwannstore.com/assets/scss/chatbox.css]
[cuwannstore.com/assets/admin/assets/plugins/bootstrap-select/bootstrap-select.min.css]
[cuwannstore.com/order/_slug]
[cuwannstore.com/assets/img/wave.svg]
[cuwannstore.com/assets/js/app.js]
[cuwannstore.com/assets/img/wave2.svg]
[cuwannstore.com/assets/img/settings/1666831528Wann Cuann Store.png]
[cuwannstore.com/status.html]
[cuwannstore.com/harga.html]
[cuwannstore.com/contact-us.html]
[cuwannstore.com/login.html]
[cuwannstore.com/assets/img/1666924755Cuwann Store (1).jpg]
[cuwannstore.com/order/mobile-legends-moonton.html]
[cuwannstore.com/assets/img/1674803407ml (1).jpg]
[cuwannstore.com/order/free-fire-garena.html]
[cuwannstore.com/assets/img/1674803428ff (1).jpg]
[cuwannstore.com/order/call-of-duty-mobile-garena.html]
[cuwannstore.com/assets/img/1674803489codm (1).jpg]
[cuwannstore.com/order/arena-of-valor-garena.html]
[cuwannstore.com/assets/img/1666928038icon (1).png]
[cuwannstore.com/order/valorant-riot.html]
[cuwannstore.com/assets/img/1674803553valorant.jpg]
[cuwannstore.com/order/league-of-legends-riot.html]
[cuwannstore.com/assets/img/1674803572wildrift.jpg]
[cuwannstore.com/order/genshin-impact-mihoyo.html]
[cuwannstore.com/assets/img/1674803590genshin.jpg]
[cuwannstore.com/order/sausage-man-xd-global.html]
[cuwannstore.com/assets/img/1674803609sausage.jpg]
[cuwannstore.com/order/lords-mobile-igg.html]
[cuwannstore.com/assets/img/1674803649lord.jpg]
[cuwannstore.com/order/omega-legends-igg.html]
[cuwannstore.com/assets/img/1674803672omega.jpg]
[cuwannstore.com/order/dragon-raja-sea-zloong.html]
[cuwannstore.com/assets/img/1674803689dragon.jpg]
[cuwannstore.com/order/lifeafter-netease.html]
[cuwannstore.com/assets/img/1674803707lifeafter.jpg]
[cuwannstore.com/order/tom-and-jerry-chase-netease.html]
[cuwannstore.com/assets/img/1674803722tomandjerry.jpg]
[cuwannstore.com/order/never-after-netease.html]
[cuwannstore.com/assets/img/1674803739neverafter.jpg]
[cuwannstore.com/order/naruto-slugfest-x-sea-hong-kong-yoyoo-technology-limited.html]
[cuwannstore.com/assets/img/1674803756naruto.jpg]
[cuwannstore.com/order/tower-of-fantasy-level-infinite.html]
[cuwannstore.com/assets/img/1674803770tof.jpg]
[cuwannstore.com/register.html]
[cuwannstore.com/terms-and-conditions.html]
[cuwannstore.com/privacy-policy.html]
[cuwannstore.com/assets/admin/assets/plugins/bootstrap-select/bootstrap-select.min.js]
[cuwannstore.com/assets/plugins/bootstrap-table/bootstrap-table.min.js]
[cuwannstore.com/assets/js/switch.js]
[cuwannstore.com/assets/js/promoBox.js]
[cuwannstore.com/assets/img/logos/callcenter.png]
[cdn.socket.io/4.1.2/socket.io.min.js]
[cuwannstore.com/index.html]
[cuwannstore.com/assets/scss/app.css]
[cuwannstore.com/assets/css/app.css]
[cuwannstore.com/cdn-cgi/scripts/7d0fa10a/cloudflare-static/rocket-loader.min.js]
[cuwannstore.com/assets/scss/chatbox.css]
[cuwannstore.com/assets/admin/assets/plugins/bootstrap-select/bootstrap-select.min.css]
[cuwannstore.com/order/_slug.html]
[cuwannstore.com/assets/img/wave.svg]
[cuwannstore.com/assets/img/wave2.svg]
[cuwannstore.com/status.html]
[cuwannstore.com/harga.html]
[www.google.com/recaptcha/api9eca.js]
[cuwannstore.com/contact-us.html]
[cuwannstore.com/login.html]
[cuwannstore.com/assets/img/verified-topupmobile.png]
[argamingshop.com/assets/img/166184321711-min.3c.delayed]
[www.bangjeff.com/assets/img/icon-diamond-ml3-bangjeff.3d.delayed]
[assets.tripay.co.id/upload/payment-icon/fH6Y7wDT171586199243.png]
[cuwannstore.com/assets/img/logos/Shopeepay.png]
[assets.tripay.co.id/upload/payment-icon/8ewGzP6SWe1649667701.png]
[assets.tripay.co.id/upload/payment-icon/ZT91lrOEad1582929126.png]
[assets.tripay.co.id/upload/payment-icon/szezRhAALB1583408731.png]
[assets.tripay.co.id/upload/payment-icon/n22Qsh8jMa1583433577.png]
[assets.tripay.co.id/upload/payment-icon/8WQ3APST5s1579461828.png]
[cuwannstore.com/assets/img/logos/mandiri.png]
[assets.tripay.co.id/upload/payment-icon/KHcqcmqVFQ1607091889.png]
[assets.tripay.co.id/upload/payment-icon/WtEJwfuphn1614003973.png]
[assets.tripay.co.id/upload/payment-icon/tEclz5Assb1643375216.png]
[assets.tripay.co.id/upload/payment-icon/T9Z012UE331583531536.png]
[assets.tripay.co.id/upload/payment-icon/jiGZMKp2RD1583433506.png]
[assets.tripay.co.id/upload/payment-icon/zNzuO5AuLw1583513974.png]
[assets.tripay.co.id/upload/payment-icon/aQTdaUC2GO1593660384.png]
[cuwannstore.com/order/mobile-legends-moonton.html]
[cdn1.codashop.com/S/content/common/images/denom-image/FreeFire/Freefire_diamonds.png]
[www.bangjeff.com/assets/img/icon-mingguan-ff-bangjeff.4e.delayed]
[www.bangjeff.com/assets/img/icon-bulanan-ff-bangjeff.4f.delayed]
[cuwannstore.com/order/free-fire-garena.html]
[argamingshop.com/assets/img/1652356893cp.50.delayed]
[cuwannstore.com/order/call-of-duty-mobile-garena.html]
[www.bangjeff.com/assets/img/icon-voucher-aov-bangjeff.51.delayed]
[cuwannstore.com/order/arena-of-valor-garena.html]
[cuwannstore.com/order/valorant-riot.html]
[www.bangjeff.com/assets/img/icon-wc-lol-bangjeff.52.delayed]
[cuwannstore.com/order/league-of-legends-riot.html]
[argamingshop.com/assets/img/1652357352genshin.53.delayed]
[argamingshop.com/assets/img/1652357558ezgif.com-gif-maker (3).54.delayed]
[cuwannstore.com/order/genshin-impact-mihoyo.html]
[argamingshop.com/assets/img/1652357256candy.55.delayed]
[cuwannstore.com/order/sausage-man-xd-global.html]
[argamingshop.com/assets/img/1652357657diamond astrl.56.delayed]
[cuwannstore.com/order/lords-mobile-igg.html]
[argamingshop.com/assets/img/1661846715omega.57.delayed]
[cuwannstore.com/order/omega-legends-igg.html]
[argamingshop.com/assets/img/1661846805Dragon raja.58.delayed]
[cuwannstore.com/order/dragon-raja-sea-zloong.html]
[argamingshop.com/assets/img/1661846974life after.59.delayed]
[cuwannstore.com/order/lifeafter-netease.html]
[cuwannstore.com/order/tom-and-jerry-chase-netease.html]
[cuwannstore.com/order/never-after-netease.html]
[argamingshop.com/assets/img/1661846497naruto.5a.delayed]
[cuwannstore.com/order/naruto-slugfest-x-sea-hong-kong-yoyoo-technology-limited.html]
[bangjeff.com/assets/img/icon-tanium.5b.delayed]
[cuwannstore.com/order/tower-of-fantasy-level-infinite.html]
[cuwannstore.com/register.html]
[cuwannstore.com/terms-and-conditions.html]
[cuwannstore.com/privacy-policy.html]
[argamingshop.com/assets/img/166184321711-min.html]
[www.bangjeff.com/assets/img/icon-diamond-ml3-bangjeff.html]
[www.bangjeff.com/assets/img/icon-mingguan-ff-bangjeff.html]
[www.bangjeff.com/assets/img/icon-bulanan-ff-bangjeff.html]
[argamingshop.com/assets/img/1652356893cp.html]
[www.bangjeff.com/assets/img/icon-voucher-aov-bangjeff.html]
[www.bangjeff.com/assets/img/icon-wc-lol-bangjeff.html]
[argamingshop.com/assets/img/1652357352genshin.html]
[argamingshop.com/assets/img/1652357558ezgif.com-gif-maker (3).html]
[argamingshop.com/assets/img/1652357256candy.html]
[argamingshop.com/assets/img/1652357657diamond astrl.html]
[argamingshop.com/assets/img/1661846715omega.html]
[argamingshop.com/assets/img/1661846805Dragon raja.html]
[argamingshop.com/assets/img/1661846974life after.html]
[argamingshop.com/assets/img/1661846497naruto.html]
[bangjeff.com/assets/img/icon-tanium.html]
